// Jest Snapshot v1, https://goo.gl/fbAQLP

exports[`Should render a pokemon 1`] = `
<h3>
  pidgeotto
</h3>
`;
